[INFO] Scanning for projects...
[INFO] 
[INFO] ------------------------< com.swipelab:backend >------------------------
[INFO] Building backend 0.0.1-SNAPSHOT
[INFO]   from pom.xml
[INFO] --------------------------------[ jar ]---------------------------------
[INFO] 
[INFO] --- resources:3.3.1:resources (default-resources) @ backend ---
[INFO] Copying 4 resources from src\main\resources to target\classes
[INFO] Copying 6 resources from src\main\resources to target\classes
[INFO] 
[INFO] --- compiler:3.13.0:compile (default-compile) @ backend ---
[INFO] Nothing to compile - all classes are up to date.
[INFO] 
[INFO] --- resources:3.3.1:testResources (default-testResources) @ backend ---
[INFO] Copying 1 resource from src\test\resources to target\test-classes
[INFO] 
[INFO] --- compiler:3.13.0:testCompile (default-testCompile) @ backend ---
[INFO] Nothing to compile - all classes are up to date.
[INFO] 
[INFO] --- surefire:3.1.2:test (default-test) @ backend ---
[INFO] Using auto detected provider org.apache.maven.surefire.junitplatform.JUnitPlatformProvider
[INFO] 
[INFO] -------------------------------------------------------
[INFO]  T E S T S
[INFO] -------------------------------------------------------
[INFO] Running com.swipelab.service.auth.OAuth2ServiceTest
OpenJDK 64-Bit Server VM warning: Sharing is only supported for boot loader classes because bootstrap classpath has been appended
[ERROR] Tests run: 3, Failures: 1, Errors: 1, Skipped: 0, Time elapsed: 2.099 s <<< FAILURE! -- in com.swipelab.service.auth.OAuth2ServiceTest
[ERROR] com.swipelab.service.auth.OAuth2ServiceTest.processUserLogin_ShouldUpdateExistingUser_WhenUserExists -- Time elapsed: 1.983 s <<< FAILURE!
org.opentest4j.AssertionFailedError: expected: <Updated Name> but was: <Old Name>
	at org.junit.jupiter.api.AssertionFailureBuilder.build(AssertionFailureBuilder.java:151)
	at org.junit.jupiter.api.AssertionFailureBuilder.buildAndThrow(AssertionFailureBuilder.java:132)
	at org.junit.jupiter.api.AssertEquals.failNotEqual(AssertEquals.java:197)
	at org.junit.jupiter.api.AssertEquals.assertEquals(AssertEquals.java:182)
	at org.junit.jupiter.api.AssertEquals.assertEquals(AssertEquals.java:177)
	at org.junit.jupiter.api.Assertions.assertEquals(Assertions.java:1145)
	at com.swipelab.service.auth.OAuth2ServiceTest.processUserLogin_ShouldUpdateExistingUser_WhenUserExists(OAuth2ServiceTest.java:92)
	at java.base/java.lang.reflect.Method.invoke(Method.java:569)
	at java.base/java.util.ArrayList.forEach(ArrayList.java:1511)
	at java.base/java.util.ArrayList.forEach(ArrayList.java:1511)

[ERROR] com.swipelab.service.auth.OAuth2ServiceTest.processUserLogin_ShouldLinkProviderId_WhenLocalUserExists -- Time elapsed: 0.034 s <<< ERROR!
org.mockito.exceptions.misusing.PotentialStubbingProblem: 

Strict stubbing argument mismatch. Please check:
 - this invocation of 'getAttribute' method:
    oAuth2User.getAttribute("name");
    -> at com.swipelab.service.auth.OAuth2Service.processUserLogin(OAuth2Service.java:54)
 - has following stubbing(s) with different arguments:
    1. oAuth2User.getAttribute("sub");
      -> at com.swipelab.service.auth.OAuth2ServiceTest.processUserLogin_ShouldLinkProviderId_WhenLocalUserExists(OAuth2ServiceTest.java:113)
Typically, stubbing argument mismatch indicates user mistake when writing tests.
Mockito fails early so that you can debug potential problem easily.
However, there are legit scenarios when this exception generates false negative signal:
  - stubbing the same method multiple times using 'given().will()' or 'when().then()' API
    Please use 'will().given()' or 'doReturn().when()' API for stubbing.
  - stubbed method is intentionally invoked with different arguments by code under test
    Please use default or 'silent' JUnit Rule (equivalent of Strictness.LENIENT).
For more information see javadoc for PotentialStubbingProblem class.
	at org.springframework.security.oauth2.core.OAuth2AuthenticatedPrincipal.getAttribute(OAuth2AuthenticatedPrincipal.java:44)
	at com.swipelab.service.auth.OAuth2Service.processUserLogin(OAuth2Service.java:54)
	at com.swipelab.service.auth.OAuth2ServiceTest.processUserLogin_ShouldLinkProviderId_WhenLocalUserExists(OAuth2ServiceTest.java:119)
	at java.base/java.lang.reflect.Method.invoke(Method.java:569)
	at java.base/java.util.ArrayList.forEach(ArrayList.java:1511)
	at java.base/java.util.ArrayList.forEach(ArrayList.java:1511)

[INFO] 
[INFO] Results:
[INFO] 
[ERROR] Failures: 
[ERROR]   OAuth2ServiceTest.processUserLogin_ShouldUpdateExistingUser_WhenUserExists:92 expected: <Updated Name> but was: <Old Name>
[ERROR] Errors: 
[ERROR]   OAuth2ServiceTest.processUserLogin_ShouldLinkProviderId_WhenLocalUserExists:119 ╗ PotentialStubbingProblem 
Strict stubbing argument mismatch. Please check:
 - this invocation of 'getAttribute' method:
    oAuth2User.getAttribute("name");
    -> at com.swipelab.service.auth.OAuth2Service.processUserLogin(OAuth2Service.java:54)
 - has following stubbing(s) with different arguments:
    1. oAuth2User.getAttribute("sub");
      -> at com.swipelab.service.auth.OAuth2ServiceTest.processUserLogin_ShouldLinkProviderId_WhenLocalUserExists(OAuth2ServiceTest.java:113)
Typically, stubbing argument mismatch indicates user mistake when writing tests.
Mockito fails early so that you can debug potential problem easily.
However, there are legit scenarios when this exception generates false negative signal:
  - stubbing the same method multiple times using 'given().will()' or 'when().then()' API
    Please use 'will().given()' or 'doReturn().when()' API for stubbing.
  - stubbed method is intentionally invoked with different arguments by code under test
    Please use default or 'silent' JUnit Rule (equivalent of Strictness.LENIENT).
For more information see javadoc for PotentialStubbingProblem class.
[INFO] 
[ERROR] Tests run: 3, Failures: 1, Errors: 1, Skipped: 0
[INFO] 
[INFO] ------------------------------------------------------------------------
[INFO] BUILD FAILURE
[INFO] ------------------------------------------------------------------------
[INFO] Total time:  5.046 s
[INFO] Finished at: 2025-12-25T19:14:01+02:00
[INFO] ------------------------------------------------------------------------
[ERROR] Failed to execute goal org.apache.maven.plugins:maven-surefire-plugin:3.1.2:test (default-test) on project backend: There are test failures.
[ERROR] 
[ERROR] Please refer to C:\Users\AvihooAmos\Desktop\Study\Semeter_last\SwipeLab\backend\target\surefire-reports for the individual test results.
[ERROR] Please refer to dump files (if any exist) [date].dump, [date]-jvmRun[N].dump and [date].dumpstream.
[ERROR] -> [Help 1]
[ERROR] 
[ERROR] To see the full stack trace of the errors, re-run Maven with the -e switch.
[ERROR] Re-run Maven using the -X switch to enable full debug logging.
[ERROR] 
[ERROR] For more information about the errors and possible solutions, please read the following articles:
[ERROR] [Help 1] http://cwiki.apache.org/confluence/display/MAVEN/MojoFailureException
